Archive member included because of file (symbol)

f:/program files at d/winavr/bin/../lib/gcc/avr/4.3.2/avr4\libgcc.a(_divmodhi4.o)
                              pcd8544.o (__divmodhi4)
f:/program files at d/winavr/bin/../lib/gcc/avr/4.3.2/avr4\libgcc.a(_exit.o)
                              f:/program files at d/winavr/bin/../lib/gcc/avr/4.3.2/../../../../avr/lib/avr4/crtm8.o (exit)
f:/program files at d/winavr/bin/../lib/gcc/avr/4.3.2/avr4\libgcc.a(_copy_data.o)
                              main.o (__do_copy_data)
f:/program files at d/winavr/bin/../lib/gcc/avr/4.3.2/avr4\libgcc.a(_clear_bss.o)
                              main.o (__do_clear_bss)
f:/program files at d/winavr/bin/../lib/gcc/avr/4.3.2/avr4\libgcc.a(_udivmodhi4.o)
                              f:/program files at d/winavr/bin/../lib/gcc/avr/4.3.2/avr4\libgcc.a(_divmodhi4.o) (__udivmodhi4)
f:/program files at d/winavr/bin/../lib/gcc/avr/4.3.2/../../../../avr/lib/avr4\libc.a(memcpy_P.o)
                              pcd8544.o (memcpy_P)

Memory Configuration

Name             Origin             Length             Attributes
text             0x00000000         0x00002000         xr
data             0x00800060         0x0000ffa0         rw !x
eeprom           0x00810000         0x00010000         rw !x
fuse             0x00820000         0x00000400         rw !x
lock             0x00830000         0x00000400         rw !x
signature        0x00840000         0x00000400         rw !x
*default*        0x00000000         0xffffffff

Linker script and memory map

LOAD f:/program files at d/winavr/bin/../lib/gcc/avr/4.3.2/../../../../avr/lib/avr4/crtm8.o
LOAD main.o
LOAD pcd8544.o
LOAD f:/program files at d/winavr/bin/../lib/gcc/avr/4.3.2/avr4\libgcc.a
LOAD f:/program files at d/winavr/bin/../lib/gcc/avr/4.3.2/../../../../avr/lib/avr4\libc.a
LOAD f:/program files at d/winavr/bin/../lib/gcc/avr/4.3.2/avr4\libgcc.a

.hash
 *(.hash)

.dynsym
 *(.dynsym)

.dynstr
 *(.dynstr)

.gnu.version
 *(.gnu.version)

.gnu.version_d
 *(.gnu.version_d)

.gnu.version_r
 *(.gnu.version_r)

.rel.init
 *(.rel.init)

.rela.init
 *(.rela.init)

.rel.text
 *(.rel.text)
 *(.rel.text.*)
 *(.rel.gnu.linkonce.t*)

.rela.text
 *(.rela.text)
 *(.rela.text.*)
 *(.rela.gnu.linkonce.t*)

.rel.fini
 *(.rel.fini)

.rela.fini
 *(.rela.fini)

.rel.rodata
 *(.rel.rodata)
 *(.rel.rodata.*)
 *(.rel.gnu.linkonce.r*)

.rela.rodata
 *(.rela.rodata)
 *(.rela.rodata.*)
 *(.rela.gnu.linkonce.r*)

.rel.data
 *(.rel.data)
 *(.rel.data.*)
 *(.rel.gnu.linkonce.d*)

.rela.data
 *(.rela.data)
 *(.rela.data.*)
 *(.rela.gnu.linkonce.d*)

.rel.ctors
 *(.rel.ctors)

.rela.ctors
 *(.rela.ctors)

.rel.dtors
 *(.rel.dtors)

.rela.dtors
 *(.rela.dtors)

.rel.got
 *(.rel.got)

.rela.got
 *(.rela.got)

.rel.bss
 *(.rel.bss)

.rela.bss
 *(.rela.bss)

.rel.plt
 *(.rel.plt)

.rela.plt
 *(.rela.plt)

.text           0x00000000      0xc92
 *(.vectors)
 .vectors       0x00000000       0x26 f:/program files at d/winavr/bin/../lib/gcc/avr/4.3.2/../../../../avr/lib/avr4/crtm8.o
                0x00000000                __vectors
                0x00000000                __vector_default
 *(.vectors)
 *(.progmem.gcc*)
 *(.progmem*)
 .progmem.data  0x00000026      0x207 main.o
 .progmem.data  0x0000022d      0x1c7 pcd8544.o
                0x000003f4                . = ALIGN (0x2)
                0x000003f4                __trampolines_start = .
 *(.trampolines)
 .trampolines   0x000003f4        0x0 linker stubs
 *(.trampolines*)
                0x000003f4                __trampolines_end = .
 *(.jumptables)
 *(.jumptables*)
 *(.lowtext)
 *(.lowtext*)
                0x000003f4                __ctors_start = .
 *(.ctors)
                0x000003f4                __ctors_end = .
                0x000003f4                __dtors_start = .
 *(.dtors)
                0x000003f4                __dtors_end = .
 SORT(*)(.ctors)
 SORT(*)(.dtors)
 *(.init0)
 .init0         0x000003f4        0x0 f:/program files at d/winavr/bin/../lib/gcc/avr/4.3.2/../../../../avr/lib/avr4/crtm8.o
                0x000003f4                __init
 *(.init0)
 *(.init1)
 *(.init1)
 *(.init2)
 .init2         0x000003f4        0xc f:/program files at d/winavr/bin/../lib/gcc/avr/4.3.2/../../../../avr/lib/avr4/crtm8.o
 *(.init2)
 *(.init3)
 *(.init3)
 *(.init4)
 .init4         0x00000400       0x16 f:/program files at d/winavr/bin/../lib/gcc/avr/4.3.2/avr4\libgcc.a(_copy_data.o)
                0x00000400                __do_copy_data
 .init4         0x00000416       0x10 f:/program files at d/winavr/bin/../lib/gcc/avr/4.3.2/avr4\libgcc.a(_clear_bss.o)
                0x00000416                __do_clear_bss
 *(.init4)
 *(.init5)
 *(.init5)
 *(.init6)
 *(.init6)
 *(.init7)
 *(.init7)
 *(.init8)
 *(.init8)
 *(.init9)
 .init9         0x00000426        0x4 f:/program files at d/winavr/bin/../lib/gcc/avr/4.3.2/../../../../avr/lib/avr4/crtm8.o
 *(.init9)
 *(.text)
 .text          0x0000042a        0x2 f:/program files at d/winavr/bin/../lib/gcc/avr/4.3.2/../../../../avr/lib/avr4/crtm8.o
                0x0000042a                __vector_1
                0x0000042a                __vector_12
                0x0000042a                __bad_interrupt
                0x0000042a                __vector_6
                0x0000042a                __vector_3
                0x0000042a                __vector_11
                0x0000042a                __vector_13
                0x0000042a                __vector_17
                0x0000042a                __vector_7
                0x0000042a                __vector_5
                0x0000042a                __vector_4
                0x0000042a                __vector_9
                0x0000042a                __vector_2
                0x0000042a                __vector_15
                0x0000042a                __vector_8
                0x0000042a                __vector_14
                0x0000042a                __vector_10
                0x0000042a                __vector_16
                0x0000042a                __vector_18
 .text          0x0000042c       0x72 main.o
                0x0000042c                main
 .text          0x0000049e      0x790 pcd8544.o
                0x00000766                LcdPixel
                0x000004cc                LcdGotoXYFont
                0x00000826                LcdLine
                0x00000b56                LcdImage
                0x00000a8e                LcdUpdate
                0x0000049e                LcdContrast
                0x000009a6                LcdBars
                0x00000a22                LcdRect
                0x0000073a                LcdFStr
                0x00000b7e                LcdClear
                0x00000708                LcdStr
                0x000004fe                LcdChr
                0x00000bae                LcdInit
                0x00000930                LcdSingleBar
 .text          0x00000c2e        0x0 f:/program files at d/winavr/bin/../lib/gcc/avr/4.3.2/avr4\libgcc.a(_divmodhi4.o)
 .text          0x00000c2e        0x0 f:/program files at d/winavr/bin/../lib/gcc/avr/4.3.2/avr4\libgcc.a(_exit.o)
 .text          0x00000c2e        0x0 f:/program files at d/winavr/bin/../lib/gcc/avr/4.3.2/avr4\libgcc.a(_copy_data.o)
 .text          0x00000c2e        0x0 f:/program files at d/winavr/bin/../lib/gcc/avr/4.3.2/avr4\libgcc.a(_clear_bss.o)
 .text          0x00000c2e        0x0 f:/program files at d/winavr/bin/../lib/gcc/avr/4.3.2/avr4\libgcc.a(_udivmodhi4.o)
 .text          0x00000c2e       0x12 f:/program files at d/winavr/bin/../lib/gcc/avr/4.3.2/../../../../avr/lib/avr4\libc.a(memcpy_P.o)
                0x00000c2e                memcpy_P
                0x00000c40                . = ALIGN (0x2)
 *(.text.*)
 .text.libgcc   0x00000c40       0x26 f:/program files at d/winavr/bin/../lib/gcc/avr/4.3.2/avr4\libgcc.a(_divmodhi4.o)
                0x00000c40                __divmodhi4
                0x00000c40                _div
 .text.libgcc   0x00000c66        0x0 f:/program files at d/winavr/bin/../lib/gcc/avr/4.3.2/avr4\libgcc.a(_exit.o)
 .text.libgcc   0x00000c66        0x0 f:/program files at d/winavr/bin/../lib/gcc/avr/4.3.2/avr4\libgcc.a(_copy_data.o)
 .text.libgcc   0x00000c66        0x0 f:/program files at d/winavr/bin/../lib/gcc/avr/4.3.2/avr4\libgcc.a(_clear_bss.o)
 .text.libgcc   0x00000c66       0x28 f:/program files at d/winavr/bin/../lib/gcc/avr/4.3.2/avr4\libgcc.a(_udivmodhi4.o)
                0x00000c66                __udivmodhi4
                0x00000c8e                . = ALIGN (0x2)
 *(.fini9)
 .fini9         0x00000c8e        0x0 f:/program files at d/winavr/bin/../lib/gcc/avr/4.3.2/avr4\libgcc.a(_exit.o)
                0x00000c8e                exit
                0x00000c8e                _exit
 *(.fini9)
 *(.fini8)
 *(.fini8)
 *(.fini7)
 *(.fini7)
 *(.fini6)
 *(.fini6)
 *(.fini5)
 *(.fini5)
 *(.fini4)
 *(.fini4)
 *(.fini3)
 *(.fini3)
 *(.fini2)
 *(.fini2)
 *(.fini1)
 *(.fini1)
 *(.fini0)
 .fini0         0x00000c8e        0x4 f:/program files at d/winavr/bin/../lib/gcc/avr/4.3.2/avr4\libgcc.a(_exit.o)
 *(.fini0)
                0x00000c92                _etext = .

.data           0x00800060        0x0 load address 0x00000c92
                0x00800060                PROVIDE (__data_start, .)
 *(.data)
 .data          0x00800060        0x0 f:/program files at d/winavr/bin/../lib/gcc/avr/4.3.2/../../../../avr/lib/avr4/crtm8.o
 .data          0x00800060        0x0 main.o
 .data          0x00800060        0x0 pcd8544.o
 .data          0x00800060        0x0 f:/program files at d/winavr/bin/../lib/gcc/avr/4.3.2/avr4\libgcc.a(_divmodhi4.o)
 .data          0x00800060        0x0 f:/program files at d/winavr/bin/../lib/gcc/avr/4.3.2/avr4\libgcc.a(_exit.o)
 .data          0x00800060        0x0 f:/program files at d/winavr/bin/../lib/gcc/avr/4.3.2/avr4\libgcc.a(_copy_data.o)
 .data          0x00800060        0x0 f:/program files at d/winavr/bin/../lib/gcc/avr/4.3.2/avr4\libgcc.a(_clear_bss.o)
 .data          0x00800060        0x0 f:/program files at d/winavr/bin/../lib/gcc/avr/4.3.2/avr4\libgcc.a(_udivmodhi4.o)
 .data          0x00800060        0x0 f:/program files at d/winavr/bin/../lib/gcc/avr/4.3.2/../../../../avr/lib/avr4\libc.a(memcpy_P.o)
 *(.data*)
 *(.rodata)
 *(.rodata*)
 *(.gnu.linkonce.d*)
                0x00800060                . = ALIGN (0x2)
                0x00800060                _edata = .
                0x00800060                PROVIDE (__data_end, .)

.bss            0x00800060      0x1ff
                0x00800060                PROVIDE (__bss_start, .)
 *(.bss)
 .bss           0x00800060        0x0 f:/program files at d/winavr/bin/../lib/gcc/avr/4.3.2/../../../../avr/lib/avr4/crtm8.o
 .bss           0x00800060        0x0 main.o
 .bss           0x00800060      0x1ff pcd8544.o
 .bss           0x0080025f        0x0 f:/program files at d/winavr/bin/../lib/gcc/avr/4.3.2/avr4\libgcc.a(_divmodhi4.o)
 .bss           0x0080025f        0x0 f:/program files at d/winavr/bin/../lib/gcc/avr/4.3.2/avr4\libgcc.a(_exit.o)
 .bss           0x0080025f        0x0 f:/program files at d/winavr/bin/../lib/gcc/avr/4.3.2/avr4\libgcc.a(_copy_data.o)
 .bss           0x0080025f        0x0 f:/program files at d/winavr/bin/../lib/gcc/avr/4.3.2/avr4\libgcc.a(_clear_bss.o)
 .bss           0x0080025f        0x0 f:/program files at d/winavr/bin/../lib/gcc/avr/4.3.2/avr4\libgcc.a(_udivmodhi4.o)
 .bss           0x0080025f        0x0 f:/program files at d/winavr/bin/../lib/gcc/avr/4.3.2/../../../../avr/lib/avr4\libc.a(memcpy_P.o)
 *(.bss*)
 *(COMMON)
                0x0080025f                PROVIDE (__bss_end, .)
                0x00000c92                __data_load_start = LOADADDR (.data)
                0x00000c92                __data_load_end = (__data_load_start + SIZEOF (.data))

.noinit         0x0080025f        0x0
                0x0080025f                PROVIDE (__noinit_start, .)
 *(.noinit*)
                0x0080025f                PROVIDE (__noinit_end, .)
                0x0080025f                _end = .
                0x0080025f                PROVIDE (__heap_start, .)

.eeprom         0x00810000        0x0
 *(.eeprom*)
                0x00810000                __eeprom_end = .

.fuse
 *(.fuse)
 *(.lfuse)
 *(.hfuse)
 *(.efuse)

.lock
 *(.lock*)

.signature
 *(.signature*)

.stab
 *(.stab)

.stabstr
 *(.stabstr)

.stab.excl
 *(.stab.excl)

.stab.exclstr
 *(.stab.exclstr)

.stab.index
 *(.stab.index)

.stab.indexstr
 *(.stab.indexstr)

.comment
 *(.comment)

.debug
 *(.debug)

.line
 *(.line)

.debug_srcinfo
 *(.debug_srcinfo)

.debug_sfnames
 *(.debug_sfnames)

.debug_aranges  0x00000000       0x40
 *(.debug_aranges)
 .debug_aranges
                0x00000000       0x20 main.o
 .debug_aranges
                0x00000020       0x20 pcd8544.o

.debug_pubnames
                0x00000000       0xe7
 *(.debug_pubnames)
 .debug_pubnames
                0x00000000       0x1b main.o
 .debug_pubnames
                0x0000001b       0xcc pcd8544.o

.debug_info     0x00000000      0xb5c
 *(.debug_info)
 .debug_info    0x00000000      0x27d main.o
 .debug_info    0x0000027d      0x8df pcd8544.o
 *(.gnu.linkonce.wi.*)

.debug_abbrev   0x00000000      0x3a3
 *(.debug_abbrev)
 .debug_abbrev  0x00000000      0x12f main.o
 .debug_abbrev  0x0000012f      0x274 pcd8544.o

.debug_line     0x00000000      0xa14
 *(.debug_line)
 .debug_line    0x00000000      0x1e5 main.o
 .debug_line    0x000001e5      0x82f pcd8544.o

.debug_frame    0x00000000      0x110
 *(.debug_frame)
 .debug_frame   0x00000000       0x20 main.o
 .debug_frame   0x00000020       0xf0 pcd8544.o

.debug_str      0x00000000      0x317
 *(.debug_str)
 .debug_str     0x00000000      0x12a main.o
                                0x163 (size before relaxing)
 .debug_str     0x0000012a      0x1ed pcd8544.o
                                0x2fd (size before relaxing)

.debug_loc      0x00000000      0x90e
 *(.debug_loc)
 .debug_loc     0x00000000       0x78 main.o
 .debug_loc     0x00000078      0x896 pcd8544.o

.debug_macinfo
 *(.debug_macinfo)
OUTPUT(lcd_pcd8544.elf elf32-avr)
LOAD linker stubs

.debug_ranges   0x00000000       0x30
 .debug_ranges  0x00000000       0x30 pcd8544.o
